Unparsable output: Error in thinking: Failed to connect to Ollama. Please check that Ollama is downloaded, running and ...
Unparsable output: [command]: 
[memory]:...
